 
 
*               * * * * * * * * * * * * * * * * * * * * * * * *                 
*               *                                             *                 
*               *    Program:  LaGriT V2.200  Mac intel m32   *                 
*               *    date_compile: 2010/11/22                 *                 
*               *    Run Time: 2011/01/10  08:05:22           *                 
*               *    Manual:   http://lagrit.lanl.gov         *                 
*               *                                             *                 
*               * * * * * * * * * * * * * * * * * * * * * * * *                 
 
                               -----oOo-----                                    
LaGriT Copyright: This program was prepared by Los Alamos National Security, LLC
at Los Alamos National Laboratory (LANL) under contract No. DE-AC52-06NA25396   
with the U.S. Department of Energy (DOE). All rights in the program are reserved
by the DOE and Los Alamos National Security, LLC. Permission is granted to the  
public to copy and use this software without charge, provided that this Notice  
and any statement of authorship are reproduced on all copies. Neither the       
U.S. Government nor LANS makes any warranty, express or implied, or assumes     
any liability or responsibility for the use of this software.                   
                               -----oOo-----                                    
 
 
Output log file: outx3dgen                                                      
Command log file: logx3dgen                                                     
 
* TEST dump/* (lagrit_input_dump)                                               
* dump and read AVS and GMV files                                               
* dump FEHM files                                                               
*                                                                               
read/avs/input_unit_tet.inp/cmo                                                 
geniee                                                                          
finish                                                                          
cmo/status/brief                                                                
 
The current-mesh-object(CMO) is: cmo                                            
 
  1 Mesh Object name: cmo                                                       
    number of nodes =             8        number of elements =            5    
    dimensions geometry =         3        element type =                tet    
    dimensions topology =         3        4 nodes      4 faces      6 edges    
    boundary flag =        16000000        status =                   active    
 
 
finish                                                                          
dump stor test cmo ascii                                                        
 
*** Construct and Compress Sparse Matrix:3D ***                                 
   *** Compress Area Coefficient Values ***                                     
AMatbld3d_stor: *****Zero Negative Coefficients ******                          
AMatbld3d_stor: Number of 'zero' (< 10e-8*max) coefs       0                    
AMatbld3d_stor: npoints =        8  n connections =         32                  
AMatbld3d_stor: Number of written coefs =         2                             
AMatbld3d_stor: Maximum num. connections to a node =          4                 
AMatbld3d_stor: Volume min =   1.2500000E-01                                    
AMatbld3d_stor: Volume max =   1.2500000E-01                                    
AMatbld3d_stor: Total Volume:   1.0000000E+00                                   
AMatbld3d_stor: abs(Aij/xij) min =   0.0000000E+00                              
AMatbld3d_stor: abs(Aij/xij) max =   2.5000000E-01                              
AMatbld3d_stor: (Aij/xij) max =   0.0000000E+00                                 
AMatbld3d_stor: (Aij/xij) min =  -2.5000000E-01                                 
Compression used for graph and coefficient values                               
The area coefficient values were written as scalar area/distance                
ascii STOR file written with name test.stor                                     
 
*** SPARSE COEFFICIENT MATRIX _astor SUCCESSFUL ***                             
 
finish                                                                          
LaGriT successfully completed                                                   
